c:\users\aaron\downloads\projects\capstone\project1\project1\debug\vc145.pdb
c:\users\aaron\downloads\projects\capstone\project1\project1\debug\vc145.idb
c:\users\aaron\downloads\projects\capstone\project1\project1\debug\main.obj
c:\users\aaron\downloads\projects\capstone\project1\project1\debug\fileloader.obj
c:\users\aaron\downloads\projects\capstone\project1\project1\debug\donor.obj
c:\users\aaron\downloads\projects\capstone\project1\project1\debug\donationmanger.obj
c:\users\aaron\downloads\projects\capstone\project1\project1\debug\donationlist.obj
c:\users\aaron\downloads\projects\capstone\project1\project1\debug\collegelist.obj
c:\users\aaron\downloads\projects\capstone\project1\project1\debug\project1.ilk
c:\users\aaron\downloads\projects\capstone\project1\debug\project1.pdb
c:\users\aaron\downloads\projects\capstone\project1\project1\debug\project1.tlog\cl.command.1.tlog
c:\users\aaron\downloads\projects\capstone\project1\project1\debug\project1.tlog\cl.items.tlog
c:\users\aaron\downloads\projects\capstone\project1\project1\debug\project1.tlog\cl.read.1.tlog
c:\users\aaron\downloads\projects\capstone\project1\project1\debug\project1.tlog\cl.write.1.tlog
c:\users\aaron\downloads\projects\capstone\project1\project1\debug\project1.tlog\link.24264-cvtres.read.1.tlog
c:\users\aaron\downloads\projects\capstone\project1\project1\debug\project1.tlog\link.24264-cvtres.write.1.tlog
c:\users\aaron\downloads\projects\capstone\project1\project1\debug\project1.tlog\link.24264-rc.read.1.tlog
c:\users\aaron\downloads\projects\capstone\project1\project1\debug\project1.tlog\link.24264-rc.write.1.tlog
c:\users\aaron\downloads\projects\capstone\project1\project1\debug\project1.tlog\link.24264.read.1.tlog
c:\users\aaron\downloads\projects\capstone\project1\project1\debug\project1.tlog\link.24264.write.1.tlog
c:\users\aaron\downloads\projects\capstone\project1\project1\debug\project1.tlog\link.command.1.tlog
c:\users\aaron\downloads\projects\capstone\project1\project1\debug\project1.tlog\link.read.1.tlog
c:\users\aaron\downloads\projects\capstone\project1\project1\debug\project1.tlog\link.secondary.1.tlog
c:\users\aaron\downloads\projects\capstone\project1\project1\debug\project1.tlog\link.write.1.tlog
